warning: unused import: `count::Count`
  --> src/mpd/commands/mod.rs:22:5
   |
22 |     count::Count,
   |     ^^^^^^^^^^^^
   |
   = note: `#[warn(unused_imports)]` (part of `#[warn(unused)]`) on by default

warning: unused import: `mpd_client::MpdClient`
  --> src/main.rs:26:11
   |
26 |     mpd::{mpd_client::MpdClient, proto_client::SocketClient},
   |           ^^^^^^^^^^^^^^^^^^^^^

warning: unused import: `mpd_client::MpdClient`
  --> src/core/client.rs:24:9
   |
24 |         mpd_client::MpdClient,
   |         ^^^^^^^^^^^^^^^^^^^^^

warning: unused import: `proto_client::ProtoClient`
  --> src/core/client.rs:25:9
   |
25 |         proto_client::ProtoClient,
   |         ^^^^^^^^^^^^^^^^^^^^^^^^^

warning: unused import: `MpdClient`
  --> src/core/command.rs:15:30
   |
15 |         mpd_client::{Filter, MpdClient, MpdCommand, Tag},
   |                              ^^^^^^^^^

warning: unused import: `MpdCommand`
  --> src/core/command.rs:15:41
   |
15 |         mpd_client::{Filter, MpdClient, MpdCommand, Tag},
   |                                         ^^^^^^^^^^

warning: unused import: `proto_client::ProtoClient`
  --> src/core/command.rs:16:9
   |
16 |         proto_client::ProtoClient,
   |         ^^^^^^^^^^^^^^^^^^^^^^^^^

warning: unused import: `MpdClient`
  --> src/core/event_loop.rs:21:22
   |
21 |         mpd_client::{MpdClient, SaveMode},
   |                      ^^^^^^^^^

warning: unused import: `mpd_client::MpdClient`
  --> src/ctx.rs:26:9
   |
26 |         mpd_client::MpdClient,
   |         ^^^^^^^^^^^^^^^^^^^^^

warning: unused import: `proto_client::SocketClient`
  --> src/main.rs:26:34
   |
26 |     mpd::{mpd_client::MpdClient, proto_client::SocketClient},
   |                                  ^^^^^^^^^^^^^^^^^^^^^^^^^^

warning: unused import: `proto_client::ProtoClient`
  --> src/ui/mod.rs:43:9
   |
43 |         proto_client::ProtoClient,
   |         ^^^^^^^^^^^^^^^^^^^^^^^^^

warning: unused import: `MpdCommand`
  --> src/ui/mod.rs:42:33
   |
42 |         mpd_client::{MpdClient, MpdCommand, ValueChange},
   |                                 ^^^^^^^^^^

warning: unused import: `MpdClient`
  --> src/ui/mod.rs:42:22
   |
42 |         mpd_client::{MpdClient, MpdCommand, ValueChange},
   |                      ^^^^^^^^^

warning: unused import: `MpdClient`
  --> src/player/client.rs:26:30
   |
26 |         mpd_client::{Filter, MpdClient as MpdClientTrait, MpdCommand, SingleOrRange},
   |                              ^^^^^^^^^

warning: unused import: `MpdClient`
  --> src/ui/panes/queue.rs:36:22
   |
36 |         mpd_client::{MpdClient, SingleOrRange},
   |                      ^^^^^^^^^

warning: unused import: `MpdClient`
  --> src/ui/panes/directories.rs:13:42
   |
13 |         mpd_client::{Filter, FilterKind, MpdClient, Tag},
   |                                          ^^^^^^^^^

warning: unused import: `mpd_client::MpdClient`
  --> src/shared/mpd_query.rs:13:9
   |
13 |         mpd_client::MpdClient,
   |         ^^^^^^^^^^^^^^^^^^^^^

warning: unused import: `MpdClient`
 --> src/ui/panes/header.rs:7:23
  |
7 |     mpd::mpd_client::{MpdClient, ValueChange},
  |                       ^^^^^^^^^

warning: unused import: `mpd_client::MpdClient`
  --> src/ui/browser.rs:17:27
   |
17 |     mpd::{commands::Song, mpd_client::MpdClient},
   |                           ^^^^^^^^^^^^^^^^^^^^^

warning: unused import: `MpdClient`
  --> src/ui/panes/volume.rs:10:22
   |
10 |         mpd_client::{MpdClient, ValueChange},
   |                      ^^^^^^^^^

warning: unused import: `MpdClient`
  --> src/ui/panes/tag_browser.rs:18:42
   |
18 |         mpd_client::{Filter, FilterKind, MpdClient, Tag},
   |                                          ^^^^^^^^^

warning: unused import: `MpdCommand`
  --> src/ui/panes/search/mod.rs:28:41
   |
28 |         mpd_client::{Filter, MpdClient, MpdCommand},
   |                                         ^^^^^^^^^^

warning: unused import: `MpdClient`
  --> src/ui/panes/search/mod.rs:28:30
   |
28 |         mpd_client::{Filter, MpdClient, MpdCommand},
   |                              ^^^^^^^^^

warning: unused import: `MpdClient`
  --> src/ui/panes/playlists.rs:15:22
   |
15 |         mpd_client::{MpdClient, SingleOrRange},
   |                      ^^^^^^^^^

warning: unused import: `mpd_client::MpdClient`
  --> src/ui/panes/progress_bar.rs:11:9
   |
11 |         mpd_client::MpdClient,
   |         ^^^^^^^^^^^^^^^^^^^^^

warning: unused import: `MpdClient`
  --> src/ui/modals/menu/mod.rs:20:22
   |
20 |         mpd_client::{MpdClient, MpdCommand, SingleOrRange},
   |                      ^^^^^^^^^

warning: unused import: `MpdCommand`
  --> src/ui/modals/menu/mod.rs:20:33
   |
20 |         mpd_client::{MpdClient, MpdCommand, SingleOrRange},
   |                                 ^^^^^^^^^^

warning: unused import: `proto_client::ProtoClient`
  --> src/ui/modals/menu/mod.rs:21:9
   |
21 |         proto_client::ProtoClient,
   |         ^^^^^^^^^^^^^^^^^^^^^^^^^

warning: unused import: `mpd::mpd_client::MpdClient`
  --> src/ui/modals/outputs.rs:14:5
   |
14 |     mpd::mpd_client::MpdClient,
   |     ^^^^^^^^^^^^^^^^^^^^^^^^^^

warning: unused import: `MpdClientExt`
  --> src/ui/modals/outputs.rs:19:26
   |
19 |         mpd_client_ext::{MpdClientExt, PartitionedOutput, PartitionedOutputKind},
   |                          ^^^^^^^^^^^^

warning: unused import: `mpd::mpd_client::MpdClient`
 --> src/ui/panes/album_art.rs:9:5
  |
9 |     mpd::mpd_client::MpdClient,
  |     ^^^^^^^^^^^^^^^^^^^^^^^^^^

warning: unused import: `MpdClient`
  --> src/ui/panes/albums.rs:13:30
   |
13 |         mpd_client::{Filter, MpdClient, Tag},
   |                              ^^^^^^^^^

warning: unused variable: `limit`
   --> src/mpd/mpd_client.rs:389:32
    |
389 |     fn binary_limit(&mut self, limit: u64) -> MpdResult<()> {
    |                                ^^^^^ help: if this is intentional, prefix it with an underscore: `_limit`
    |
    = note: `#[warn(unused_variables)]` (part of `#[warn(unused)]`) on by default

warning: unused variable: `delta`
   --> src/player/mpd_backend.rs:155:35
    |
155 |             ValueChange::Increase(delta) | ValueChange::Decrease(delta) => {
    |                                   ^^^^^                          ^^^^^
    |
help: if this is intentional, prefix it with an underscore
    |
155 |             ValueChange::Increase(_delta) | ValueChange::Decrease(_delta) => {
    |                                   +                               +

warning: unused variable: `name`
   --> src/player/mpv_backend.rs:362:42
    |
362 |     fn save_queue_as_playlist(&mut self, name: &str, _mode: Option<SaveMode>) -> Result<()> {
    |                                          ^^^^ help: if this is intentional, prefix it with an underscore: `_name`

warning: method `stream` is never used
   --> src/mpd/client.rs:294:12
    |
293 | impl Client<'_> {
    | --------------- method in this implementation
294 |     pub fn stream(&mut self) -> &mut TcpOrUnixStream {
    |            ^^^^^^
    |
    = note: `#[warn(dead_code)]` (part of `#[warn(unused)]`) on by default

warning: method `detail_or_display` is never used
  --> src/mpd/errors.rs:30:12
   |
29 | impl MpdError {
   | ------------- method in this implementation
30 |     pub fn detail_or_display(&self) -> String {
   |            ^^^^^^^^^^^^^^^^^

warning: multiple methods are never used
  --> src/player/backend.rs:36:8
   |
10 | pub trait MusicBackend: Send + Sync {
   |           ------------ methods in this trait
...
36 |     fn volume(&mut self) -> Result<u8>;
   |        ^^^^^^
...
55 |     fn count(&mut self, filter: &[Filter]) -> Result<(usize, std::time::Duration)>;
   |        ^^^^^
...
60 |     fn playlist_info_name(&mut self, name: &str) -> Result<Vec<Song>>;
   |        ^^^^^^^^^^^^^^^^^^
61 |     fn load_playlist(&mut self, name: &str, position: Option<QueuePosition>) -> Result<()>;
   |        ^^^^^^^^^^^^^
62 |     fn save_queue_as_playlist(&mut self, name: &str, mode: Option<SaveMode>) -> Result<()>;
63 |     fn delete_playlist(&mut self, name: &str) -> Result<()>;
   |        ^^^^^^^^^^^^^^^
...
66 |     fn delete_from_playlist(&mut self, playlist: &str, position: u32) -> Result<()>;
   |        ^^^^^^^^^^^^^^^^^^^^
67 |     fn move_in_playlist(&mut self, playlist: &str, from: SingleOrRange, to: u32) -> Result<()>;
   |        ^^^^^^^^^^^^^^^^
...
77 |     fn update(&mut self, path: Option<&str>) -> Result<u32>;
   |        ^^^^^^
78 |     fn rescan(&mut self, path: Option<&str>) -> Result<u32>;
   |        ^^^^^^
...
85 |     fn partitions(&mut self) -> Result<Vec<String>>;
   |        ^^^^^^^^^^
...
90 |     fn backend_name(&self) -> &'static str;
   |        ^^^^^^^^^^^^
...
93 |     fn supports_command(&self, _command: &str) -> bool {
   |        ^^^^^^^^^^^^^^^^

warning: multiple methods are never used
   --> src/player/client.rs:276:12
    |
 40 | impl<'name> Client<'name> {
    | ------------------------- methods in this implementation
...
276 |     pub fn count(
    |            ^^^^^
...
287 |     pub fn playlist_info_name(&mut self, name: &str) -> Result<Vec<Song>> {
    |            ^^^^^^^^^^^^^^^^^^
...
291 |     pub fn load_playlist(&mut self, name: &str, position: Option<QueuePosition>) -> Result<()> {
    |            ^^^^^^^^^^^^^
...
299 |     pub fn delete_playlist(&mut self, name: &str) -> Result<()> {
    |            ^^^^^^^^^^^^^^^
...
311 |     pub fn delete_from_playlist(&mut self, playlist: &str, position: u32) -> Result<()> {
    |            ^^^^^^^^^^^^^^^^^^^^
...
360 |     pub fn partitions(&mut self) -> Result<Vec<String>> {
    |            ^^^^^^^^^^
...
373 |     pub fn as_mpd(&self) -> Option<&crate::mpd::client::Client<'name>> {
    |            ^^^^^^
...
716 |     pub fn send_playlist_add(&mut self, playlist: &str, uri: &str) -> Result<()> {
    |            ^^^^^^^^^^^^^^^^^
...
819 |     pub fn send_find_add(&mut self, filter: &[Filter], position: Option<QueuePosition>) -> Result<()> {
    |            ^^^^^^^^^^^^^

warning: methods `client_mut`, `into_inner`, `inner`, and `inner_mut` are never used
  --> src/player/mpd_backend.rs:42:12
   |
36 | impl<'name> MpdBackend<'name> {
   | ----------------------------- methods in this implementation
...
42 |     pub fn client_mut(&mut self) -> &mut MpdClient<'name> {
   |            ^^^^^^^^^^
...
46 |     pub fn into_inner(self) -> MpdClient<'name> {
   |            ^^^^^^^^^^
...
50 |     pub fn inner(&self) -> &MpdClient<'name> {
   |            ^^^^^
...
54 |     pub fn inner_mut(&mut self) -> &mut MpdClient<'name> {
   |            ^^^^^^^^^

warning: struct `MpvCommand` is never constructed
  --> src/player/mpv_ipc.rs:13:8
   |
13 | struct MpvCommand {
   |        ^^^^^^^^^^

warning: `rmpc` (bin "rmpc") generated 41 warnings (run `cargo fix --bin "rmpc"` to apply 1 suggestion)
    Finished `release` profile [optimized] target(s) in 0.22s
