2025-12-14T05:17:33.518720217Z DEBUG thread=main src/main.rs:306 message="rmpc started" rev="v0.10.0-47-g46a24b1" 
2025-12-14T05:17:33.519265537Z DEBUG thread=main src/config/theme/mod.rs:383 message="Converted components" result="{}" 
2025-12-14T05:17:33.521701316Z DEBUG thread=main src/shared/terminal/features.rs:11 message="Kitty keyboard protocol support" kitty_keyboard_protocol="false" 
2025-12-14T05:17:33.566057248Z INFO  thread=dependency_check src/shared/dependencies.rs:90 message="Dependency check" name="ffmpeg" installed="true" version="ffmpeg version n8.0.1 Copyright (c) 2000-2025 the FFmpeg developers" 
2025-12-14T05:17:33.612465919Z INFO  thread=dependency_check src/shared/dependencies.rs:90 message="Dependency check" name="ffprobe" installed="true" version="ffprobe version n8.0.1 Copyright (c) 2007-2025 the FFmpeg developers" 
2025-12-14T05:17:33.625867729Z DEBUG thread=main src/shared/terminal/tty.rs:123 message="devattr response" result="Ok("\u{1b}P>|kitty(0.44.0)\u{1b}\\\0")" 
2025-12-14T05:17:33.625880172Z DEBUG thread=main src/shared/terminal/emulator.rs:44 message="Detected terminal emulator from DA1 response" emul="Kitty" 
2025-12-14T05:17:33.629411861Z DEBUG thread=main src/shared/terminal/tty.rs:123 message="devattr response" result="Ok("\u{1b}_Gi=31;OK\u{1b}\\\u{1b}[?62;52;c")" 
2025-12-14T05:17:33.629419570Z DEBUG thread=main src/shared/terminal/features.rs:54 message="Kitty graphics protocol support" kitty_graphics="true" 
2025-12-14T05:17:33.629423932Z DEBUG thread=main src/shared/terminal/mod.rs:122 message="Resolved image backend" requested_backend="Auto" resolved_backend="Kitty" tmux="true" 
2025-12-14T05:17:33.629461537Z INFO  thread=main src/player/youtube/client.rs:120 message="Connected to YouTube daemon at /tmp/yrmpc-yt.sock" 
2025-12-14T05:17:33.629482636Z INFO  thread=main src/ctx.rs:108 message="Supported commands by server" supported_commands="{}" 
2025-12-14T05:17:33.641912719Z DEBUG thread=main src/player/youtube/client.rs:130 message="YouTubeClient::request - writing command" 
2025-12-14T05:17:33.641925935Z DEBUG thread=main src/player/youtube/protocol.rs:307 message="framing::write_message - serialized 11 bytes" 
2025-12-14T05:17:33.641937340Z DEBUG thread=main src/player/youtube/protocol.rs:311 message="framing::write_message - flushed successfully" 
2025-12-14T05:17:33.641938886Z DEBUG thread=main src/player/youtube/client.rs:132 message="YouTubeClient::request - reading response" 
2025-12-14T05:17:33.641940283Z DEBUG thread=main src/player/youtube/protocol.rs:318 message="framing::read_message - reading length bytes" 
2025-12-14T05:17:33.642248426Z DEBUG thread=main src/player/youtube/protocol.rs:321 message="framing::read_message - message length: 129 bytes" 
2025-12-14T05:17:33.642254065Z DEBUG thread=main src/player/youtube/protocol.rs:329 message="framing::read_message - read 129 bytes, deserializing" 
2025-12-14T05:17:33.642279779Z DEBUG thread=main src/player/youtube/client.rs:134 message="YouTubeClient::request - got response: Ok("Status(StatusData { state: \"pause\", volume: 100, elapsed_ms: Some(0), duration_ms: Some(0), playlist")" 
2025-12-14T05:17:33.642284396Z DEBUG thread=main src/player/youtube/client.rs:130 message="YouTubeClient::request - writing command" 
2025-12-14T05:17:33.642286424Z DEBUG thread=main src/player/youtube/protocol.rs:307 message="framing::write_message - serialized 13 bytes" 
2025-12-14T05:17:33.642290189Z DEBUG thread=main src/player/youtube/protocol.rs:311 message="framing::write_message - flushed successfully" 
2025-12-14T05:17:33.642291580Z DEBUG thread=main src/player/youtube/client.rs:132 message="YouTubeClient::request - reading response" 
2025-12-14T05:17:33.642292815Z DEBUG thread=main src/player/youtube/protocol.rs:318 message="framing::read_message - reading length bytes" 
2025-12-14T05:17:33.642304615Z DEBUG thread=main src/player/youtube/protocol.rs:321 message="framing::read_message - message length: 15 bytes" 
2025-12-14T05:17:33.642306685Z DEBUG thread=main src/player/youtube/protocol.rs:329 message="framing::read_message - read 15 bytes, deserializing" 
2025-12-14T05:17:33.642314397Z DEBUG thread=main src/player/youtube/client.rs:134 message="YouTubeClient::request - got response: Ok("Playlist([])")" 
2025-12-14T05:17:33.642317342Z WARN  thread=main src/ctx.rs:120 message="Album art is disabled because it is not supported by MPD" 
2025-12-14T05:17:33.642832136Z INFO  thread=main src/core/config_watcher.rs:116 message="Watching for changes" config_directory="Some("../config")" 
2025-12-14T05:17:33.643505384Z INFO  thread=main src/main.rs:435 message="Application initialized successfully" 
2025-12-14T05:17:33.643945002Z DEBUG thread=main src/shared/tmux.rs:44 message="in tmux installing hooks" 
2025-12-14T05:17:33.644005445Z DEBUG thread=main src/shared/tmux.rs:66 message="installing hook" cmd=""tmux" "set-hook" "-a" "-t" "%7" "session-window-changed[2510121]" "run-shell \'<PROJECT_ROOT>/rmpc/target/release/rmpc remote --pid 2510121 tmux session-window-changed\'"" 
2025-12-14T05:17:33.650432320Z DEBUG thread=main src/shared/tmux.rs:68 message="hook installed" stdout="[]" 
2025-12-14T05:17:33.650467415Z DEBUG thread=main src/shared/tmux.rs:66 message="installing hook" cmd=""tmux" "set-hook" "-a" "-t" "%7" "client-attached[2510121]" "run-shell \'<PROJECT_ROOT>/rmpc/target/release/rmpc remote --pid 2510121 tmux client-attached\'"" 
2025-12-14T05:17:33.659278126Z DEBUG thread=main src/shared/tmux.rs:68 message="hook installed" stdout="[]" 
2025-12-14T05:17:33.659311540Z DEBUG thread=main src/shared/tmux.rs:66 message="installing hook" cmd=""tmux" "set-hook" "-a" "-t" "%7" "client-detached[2510121]" "run-shell \'<PROJECT_ROOT>/rmpc/target/release/rmpc remote --pid 2510121 tmux client-detached\'"" 
2025-12-14T05:17:33.666576568Z DEBUG thread=main src/shared/tmux.rs:68 message="hook installed" stdout="[]" 
2025-12-14T05:17:33.666613552Z DEBUG thread=main src/shared/tmux.rs:66 message="installing hook" cmd=""tmux" "set-hook" "-a" "-t" "%7" "client-session-changed[2510121]" "run-shell \'<PROJECT_ROOT>/rmpc/target/release/rmpc remote --pid 2510121 tmux client-session-changed\'"" 
2025-12-14T05:17:33.677169397Z DEBUG thread=main src/shared/tmux.rs:68 message="hook installed" stdout="[]" 
2025-12-14T05:17:33.677222828Z DEBUG thread=main src/shared/tmux.rs:90 message="installing hook" cmd=""tmux" "set-hook" "-a" "-g" "client-session-changed[2510121]" "run-shell \'<PROJECT_ROOT>/rmpc/target/release/rmpc remote --pid 2510121 tmux client-session-changed\'"" 
2025-12-14T05:17:33.687170251Z DEBUG thread=main src/shared/tmux.rs:92 message="hook installed" stdout="[]" 
2025-12-14T05:17:34.113791702Z DEBUG thread=main src/ui/tab_screen.rs:170 message="tab_screen: Passing event to pane, key=Char('i')" 
2025-12-14T05:17:34.411302082Z INFO  thread=dependency_check src/shared/dependencies.rs:90 message="Dependency check" name="yt-dlp" installed="true" version="2025.11.12" 
2025-12-14T05:17:34.411396023Z INFO  thread=dependency_check src/shared/dependencies.rs:90 message="Dependency check" name="ueberzugpp" installed="false" version="Version not available" 
2025-12-14T05:17:34.412418911Z DEBUG thread=main src/ui/tab_screen.rs:170 message="tab_screen: Passing event to pane, key=Char('k')" 
2025-12-14T05:17:34.412880326Z INFO  thread=dependency_check src/shared/dependencies.rs:90 message="Dependency check" name="python3" installed="true" version="Python 3.13.7" 
2025-12-14T05:17:34.427423231Z INFO  thread=dependency_check src/shared/dependencies.rs:90 message="Dependency check" name="python-mutagen" installed="false" version="NOT PRESENT" 
2025-12-14T05:17:34.427533460Z INFO  thread=dependency_check src/shared/dependencies.rs:90 message="Dependency check" name="cava" installed="false" version="Version not available" 
2025-12-14T05:17:34.517289798Z DEBUG thread=main src/ui/tab_screen.rs:170 message="tab_screen: Passing event to pane, key=Char('i')" 
2025-12-14T05:17:34.517335979Z DEBUG thread=request src/player/youtube/client.rs:130 message="YouTubeClient::request - writing command" 
2025-12-14T05:17:34.517369716Z DEBUG thread=request src/player/youtube/protocol.rs:307 message="framing::write_message - serialized 39 bytes" 
2025-12-14T05:17:34.517376818Z DEBUG thread=request src/player/youtube/protocol.rs:311 message="framing::write_message - flushed successfully" 
2025-12-14T05:17:34.517379041Z DEBUG thread=request src/player/youtube/client.rs:132 message="YouTubeClient::request - reading response" 
2025-12-14T05:17:34.517381136Z DEBUG thread=request src/player/youtube/protocol.rs:318 message="framing::read_message - reading length bytes" 
2025-12-14T05:17:34.630873332Z DEBUG thread=main src/ui/tab_screen.rs:170 message="tab_screen: Passing event to pane, key=Char('m')" 
2025-12-14T05:17:34.695577229Z DEBUG thread=request src/player/youtube/protocol.rs:321 message="framing::read_message - message length: 79 bytes" 
2025-12-14T05:17:34.695590958Z DEBUG thread=request src/player/youtube/protocol.rs:329 message="framing::read_message - read 79 bytes, deserializing" 
2025-12-14T05:17:34.695601206Z DEBUG thread=request src/player/youtube/client.rs:134 message="YouTubeClient::request - got response: Ok("Suggestions([\"kim long\", \"kim lng\", \"kim\", \"kim lo\", \"kimlong\", \"kiên trịnh\"])")" 
2025-12-14T05:17:34.695714329Z DEBUG thread=request src/player/youtube/client.rs:130 message="YouTubeClient::request - writing command" 
2025-12-14T05:17:34.695721120Z DEBUG thread=request src/player/youtube/protocol.rs:307 message="framing::write_message - serialized 40 bytes" 
2025-12-14T05:17:34.695727555Z DEBUG thread=request src/player/youtube/protocol.rs:311 message="framing::write_message - flushed successfully" 
2025-12-14T05:17:34.695729058Z DEBUG thread=request src/player/youtube/client.rs:132 message="YouTubeClient::request - reading response" 
2025-12-14T05:17:34.695730377Z DEBUG thread=request src/player/youtube/protocol.rs:318 message="framing::read_message - reading length bytes" 
2025-12-14T05:17:34.827176170Z DEBUG thread=request src/player/youtube/protocol.rs:321 message="framing::read_message - message length: 85 bytes" 
2025-12-14T05:17:34.827194057Z DEBUG thread=request src/player/youtube/protocol.rs:329 message="framing::read_message - read 85 bytes, deserializing" 
2025-12-14T05:17:34.827206164Z DEBUG thread=request src/player/youtube/client.rs:134 message="YouTubeClient::request - got response: Ok("Suggestions([\"kim long\", \"kim lng\", \"kim\", \"kim lo\", \"kimlong\", \"kim phút kim giờ\"])")" 
2025-12-14T05:17:34.828211217Z DEBUG thread=main src/ui/tab_screen.rs:170 message="tab_screen: Passing event to pane, key=Char(' ')" 
2025-12-14T05:17:34.828258413Z DEBUG thread=request src/player/youtube/client.rs:130 message="YouTubeClient::request - writing command" 
2025-12-14T05:17:34.828264657Z DEBUG thread=request src/player/youtube/protocol.rs:307 message="framing::write_message - serialized 41 bytes" 
2025-12-14T05:17:34.828271325Z DEBUG thread=request src/player/youtube/protocol.rs:311 message="framing::write_message - flushed successfully" 
2025-12-14T05:17:34.828272879Z DEBUG thread=request src/player/youtube/client.rs:132 message="YouTubeClient::request - reading response" 
2025-12-14T05:17:34.828274440Z DEBUG thread=request src/player/youtube/protocol.rs:318 message="framing::read_message - reading length bytes" 
2025-12-14T05:17:34.832572210Z DEBUG thread=main src/ui/tab_screen.rs:170 message="tab_screen: Passing event to pane, key=Char('l')" 
2025-12-14T05:17:35.031019831Z DEBUG thread=request src/player/youtube/protocol.rs:321 message="framing::read_message - message length: 106 bytes" 
2025-12-14T05:17:35.031033455Z DEBUG thread=request src/player/youtube/protocol.rs:329 message="framing::read_message - read 106 bytes, deserializing" 
2025-12-14T05:17:35.031045380Z DEBUG thread=request src/player/youtube/client.rs:134 message="YouTubeClient::request - got response: Ok("Suggestions([\"kim long\", \"kim lng\", \"kim longlkkjjkkkj\", \"kim lo\", \"kim phút kim giờ\", \"kim tự tháp\"")" 
2025-12-14T05:17:35.031141052Z DEBUG thread=request src/player/youtube/client.rs:130 message="YouTubeClient::request - writing command" 
2025-12-14T05:17:35.031147250Z DEBUG thread=request src/player/youtube/protocol.rs:307 message="framing::write_message - serialized 42 bytes" 
2025-12-14T05:17:35.031154699Z DEBUG thread=request src/player/youtube/protocol.rs:311 message="framing::write_message - flushed successfully" 
2025-12-14T05:17:35.031156935Z DEBUG thread=request src/player/youtube/client.rs:132 message="YouTubeClient::request - reading response" 
2025-12-14T05:17:35.031159008Z DEBUG thread=request src/player/youtube/protocol.rs:318 message="framing::read_message - reading length bytes" 
2025-12-14T05:17:35.035623258Z DEBUG thread=main src/ui/tab_screen.rs:170 message="tab_screen: Passing event to pane, key=Char('o')" 
2025-12-14T05:17:35.102799173Z DEBUG thread=main src/ui/tab_screen.rs:170 message="tab_screen: Passing event to pane, key=Char('n')" 
2025-12-14T05:17:35.110959086Z DEBUG thread=request src/player/youtube/protocol.rs:321 message="framing::read_message - message length: 88 bytes" 
2025-12-14T05:17:35.110970224Z DEBUG thread=request src/player/youtube/protocol.rs:329 message="framing::read_message - read 88 bytes, deserializing" 
2025-12-14T05:17:35.110979714Z DEBUG thread=request src/player/youtube/client.rs:134 message="YouTubeClient::request - got response: Ok("Suggestions([\"kim long\", \"kim lng\", \"kim longlkkjjkkkj\", \"kim lo\", \"kim lip\", \"kim linh\"])")" 
2025-12-14T05:17:35.111059281Z DEBUG thread=request src/player/youtube/client.rs:130 message="YouTubeClient::request - writing command" 
2025-12-14T05:17:35.111064300Z DEBUG thread=request src/player/youtube/protocol.rs:307 message="framing::write_message - serialized 44 bytes" 
2025-12-14T05:17:35.111070736Z DEBUG thread=request src/player/youtube/protocol.rs:311 message="framing::write_message - flushed successfully" 
2025-12-14T05:17:35.111072258Z DEBUG thread=request src/player/youtube/client.rs:132 message="YouTubeClient::request - reading response" 
2025-12-14T05:17:35.111079344Z DEBUG thread=request src/player/youtube/protocol.rs:318 message="framing::read_message - reading length bytes" 
2025-12-14T05:17:35.195767498Z DEBUG thread=main src/ui/tab_screen.rs:170 message="tab_screen: Passing event to pane, key=Char('g')" 
2025-12-14T05:17:35.236168385Z DEBUG thread=request src/player/youtube/protocol.rs:321 message="framing::read_message - message length: 135 bytes" 
2025-12-14T05:17:35.236182362Z DEBUG thread=request src/player/youtube/protocol.rs:329 message="framing::read_message - read 135 bytes, deserializing" 
2025-12-14T05:17:35.236193882Z DEBUG thread=request src/player/youtube/client.rs:134 message="YouTubeClient::request - got response: Ok("Suggestions([\"kim long\", \"kim longlkkjjkkkj\", \"kim long bittersweet albums\", \"huynh kim long\", \"huỳn")" 
2025-12-14T05:17:35.236268659Z DEBUG thread=request src/player/youtube/client.rs:130 message="YouTubeClient::request - writing command" 
2025-12-14T05:17:35.236275151Z DEBUG thread=request src/player/youtube/protocol.rs:307 message="framing::write_message - serialized 45 bytes" 
2025-12-14T05:17:35.236283411Z DEBUG thread=request src/player/youtube/protocol.rs:311 message="framing::write_message - flushed successfully" 
2025-12-14T05:17:35.236285831Z DEBUG thread=request src/player/youtube/client.rs:132 message="YouTubeClient::request - reading response" 
2025-12-14T05:17:35.236287843Z DEBUG thread=request src/player/youtube/protocol.rs:318 message="framing::read_message - reading length bytes" 
2025-12-14T05:17:35.339179434Z DEBUG thread=request src/player/youtube/protocol.rs:321 message="framing::read_message - message length: 135 bytes" 
2025-12-14T05:17:35.339193087Z DEBUG thread=request src/player/youtube/protocol.rs:329 message="framing::read_message - read 135 bytes, deserializing" 
2025-12-14T05:17:35.339203445Z DEBUG thread=request src/player/youtube/client.rs:134 message="YouTubeClient::request - got response: Ok("Suggestions([\"kim long\", \"kim longlkkjjkkkj\", \"kim long bittersweet albums\", \"huynh kim long\", \"huỳn")" 
2025-12-14T05:17:35.410328408Z DEBUG thread=main src/ui/tab_screen.rs:170 message="tab_screen: Passing event to pane, key=Enter" 
2025-12-14T05:17:35.410394426Z DEBUG thread=request src/player/youtube/client.rs:130 message="YouTubeClient::request - writing command" 
2025-12-14T05:17:35.410403561Z DEBUG thread=request src/player/youtube/protocol.rs:307 message="framing::write_message - serialized 31 bytes" 
2025-12-14T05:17:35.410411967Z DEBUG thread=request src/player/youtube/protocol.rs:311 message="framing::write_message - flushed successfully" 
2025-12-14T05:17:35.410413515Z DEBUG thread=request src/player/youtube/client.rs:132 message="YouTubeClient::request - reading response" 
2025-12-14T05:17:35.410415017Z DEBUG thread=request src/player/youtube/protocol.rs:318 message="framing::read_message - reading length bytes" 
2025-12-14T05:17:35.931627757Z DEBUG thread=request src/player/youtube/protocol.rs:321 message="framing::read_message - message length: 6520 bytes" 
2025-12-14T05:17:35.931657341Z DEBUG thread=request src/player/youtube/protocol.rs:329 message="framing::read_message - read 6520 bytes, deserializing" 
2025-12-14T05:17:35.931763183Z DEBUG thread=request src/player/youtube/client.rs:134 message="YouTubeClient::request - got response: Ok("SearchResults([Header(\"Top Result\"), Artist(BrowsableData { browse_id: None, browse_path: \"artist:KI")" 
2025-12-14T05:17:35.931826231Z INFO  thread=main src/ui/panes/search/mod.rs:1530 message="[SEARCH] Sections found: albums:3, artists:3, top_results:4, songs:8, playlists:3" 
2025-12-14T05:17:35.931843321Z INFO  thread=main src/ui/panes/search/mod.rs:1562 message="Found 26 matching items" 
2025-12-14T05:17:35.931848430Z INFO  thread=main src/ui/panes/search/mod.rs:1565 message="[SEARCH] Phase set to BrowseResults, songs_dir has 26 items" 
2025-12-14T05:17:35.945738204Z ERROR thread=request src/ctx.rs:190 message="Stickers are not supported by MPD server" 
2025-12-14T05:17:35.975963074Z DEBUG thread=reqwest-internal-sync-runtime ~/.cargo/registry/src/index.crates.io-1949cf8c6b5b557f/reqwest-0.12.24/src/connect.rs:882 message="starting new connection: https://lh3.googleusercontent.com/" 
2025-12-14T05:17:35.987042425Z DEBUG thread=reqwest-internal-sync-runtime ~/.cargo/registry/src/index.crates.io-1949cf8c6b5b557f/reqwest-0.12.24/src/connect.rs:882 message="starting new connection: https://lh3.googleusercontent.com/" 
2025-12-14T05:17:35.992932909Z DEBUG thread=reqwest-internal-sync-runtime ~/.cargo/registry/src/index.crates.io-1949cf8c6b5b557f/reqwest-0.12.24/src/connect.rs:882 message="starting new connection: https://i.ytimg.com/" 
2025-12-14T05:17:35.999790332Z DEBUG thread=reqwest-internal-sync-runtime ~/.cargo/registry/src/index.crates.io-1949cf8c6b5b557f/reqwest-0.12.24/src/connect.rs:882 message="starting new connection: https://lh3.googleusercontent.com/" 
2025-12-14T05:17:36.001452158Z DEBUG thread=reqwest-internal-sync-runtime ~/.cargo/registry/src/index.crates.io-1949cf8c6b5b557f/reqwest-0.12.24/src/connect.rs:882 message="starting new connection: https://lh3.googleusercontent.com/" 
2025-12-14T05:17:36.001487536Z DEBUG thread=reqwest-internal-sync-runtime ~/.cargo/registry/src/index.crates.io-1949cf8c6b5b557f/reqwest-0.12.24/src/connect.rs:882 message="starting new connection: https://lh3.googleusercontent.com/" 
2025-12-14T05:17:36.004048238Z DEBUG thread=reqwest-internal-sync-runtime ~/.cargo/registry/src/index.crates.io-1949cf8c6b5b557f/reqwest-0.12.24/src/connect.rs:882 message="starting new connection: https://i.ytimg.com/" 
2025-12-14T05:17:36.009208210Z DEBUG thread=reqwest-internal-sync-runtime ~/.cargo/registry/src/index.crates.io-1949cf8c6b5b557f/reqwest-0.12.24/src/connect.rs:882 message="starting new connection: https://i.ytimg.com/" 
2025-12-14T05:17:36.009772632Z DEBUG thread=reqwest-internal-sync-runtime ~/.cargo/registry/src/index.crates.io-1949cf8c6b5b557f/reqwest-0.12.24/src/connect.rs:882 message="starting new connection: https://lh3.googleusercontent.com/" 
2025-12-14T05:17:36.010543417Z DEBUG thread=reqwest-internal-sync-runtime ~/.cargo/registry/src/index.crates.io-1949cf8c6b5b557f/reqwest-0.12.24/src/connect.rs:882 message="starting new connection: https://lh3.googleusercontent.com/" 
2025-12-14T05:17:36.010792030Z DEBUG thread=reqwest-internal-sync-runtime ~/.cargo/registry/src/index.crates.io-1949cf8c6b5b557f/reqwest-0.12.24/src/connect.rs:882 message="starting new connection: https://lh3.googleusercontent.com/" 
2025-12-14T05:17:36.020220946Z DEBUG thread=reqwest-internal-sync-runtime ~/.cargo/registry/src/index.crates.io-1949cf8c6b5b557f/reqwest-0.12.24/src/connect.rs:882 message="starting new connection: https://lh3.googleusercontent.com/" 
2025-12-14T05:17:36.937499102Z DEBUG thread=main src/ui/tab_screen.rs:170 message="tab_screen: Passing event to pane, key=Char('q')" 
